[12:51:08] [Datafixer Bootstrap/INFO]: 287 Datafixer optimizations took 140 milliseconds
[12:51:10] [main/INFO]: [STDOUT]: [Alloy] Transformed: AbstractButton — glass orange/black button styling applied
[12:51:10] [main/INFO]: Completely ignored arguments: [--userType, msa]
[12:51:10] [Render thread/INFO]: [STDOUT]: [Alloy] Transformed: PauseScreen — render branding injected
[12:51:10] [Render thread/INFO]: [STDOUT]: [Alloy] Transformed: TitleScreen — copyright cleared + render branding injected
[12:51:10] [Render thread/INFO]: Environment: Environment[sessionHost=https://sessionserver.mojang.com, servicesHost=https://api.minecraftservices.com, profilesHost=https://api.mojang.com, name=PROD]
[12:51:10] [Render thread/INFO]: Setting user: AlloyDev
[12:51:10] [Render thread/INFO]: [STDOUT]: [Alloy] Transformed: AbstractSliderButton — glass slider styling applied
[12:51:10] [Render thread/INFO]: Backend library: LWJGL version 3.3.3+5
[12:51:10] [Render thread/INFO]: [STDOUT]: [Alloy] Transformed: Window — title + icon branding applied
[12:51:10] [Download-2/ERROR]: Failed to fetch user properties
com.mojang.authlib.exceptions.InvalidCredentialsException: Status: 401
	at com.mojang.authlib.exceptions.MinecraftClientHttpException.toAuthenticationException(MinecraftClientHttpException.java:59)
	at com.mojang.authlib.yggdrasil.YggdrasilUserApiService.fetchProperties(YggdrasilUserApiService.java:150)
	at gfj.bU(SourceFile:457)
	at java.base/java.util.concurrent.CompletableFuture$AsyncSupply.run(CompletableFuture.java:1789)
	at java.base/java.util.concurrent.ThreadPoolExecutor.runWorker(ThreadPoolExecutor.java:1090)
	at java.base/java.util.concurrent.ThreadPoolExecutor$Worker.run(ThreadPoolExecutor.java:614)
	at java.base/java.lang.Thread.run(Thread.java:1474)
Caused by: com.mojang.authlib.exceptions.MinecraftClientHttpException: Status: 401
	at com.mojang.authlib.minecraft.client.MinecraftClient.readInputStream(MinecraftClient.java:103)
	at com.mojang.authlib.minecraft.client.MinecraftClient.get(MinecraftClient.java:56)
	at com.mojang.authlib.yggdrasil.YggdrasilUserApiService.fetchProperties(YggdrasilUserApiService.java:121)
	... 5 more
[12:51:11] [Render thread/INFO]: [STDERR]: [LWJGL] [ThreadLocalUtil] Unsupported JNI version detected, this may result in a crash. Please inform LWJGL developers.
[12:51:11] [Render thread/INFO]: Using optional rendering extensions: GL_EXT_texture_filter_anisotropic
[12:51:11] [Render thread/INFO]: [STDOUT]: [Alloy] Transformed: MinecraftServer — server capture + tick hook injected
[12:51:11] [Download-2/INFO]: Could not authorize you against Realms server: java.lang.RuntimeException: Failed to parse into SignedJWT: alloy_dev
[12:51:11] [Download-2/ERROR]: Failed to fetch Realms feature flags
gce: Realms authentication error with message 'java.lang.RuntimeException: Failed to parse into SignedJWT: alloy_dev'
	at fzz.a(SourceFile:526)
	at fzz.o(SourceFile:186)
	at java.base/java.util.concurrent.CompletableFuture$AsyncSupply.run(CompletableFuture.java:1789)
	at java.base/java.util.concurrent.ThreadPoolExecutor.runWorker(ThreadPoolExecutor.java:1090)
	at java.base/java.util.concurrent.ThreadPoolExecutor$Worker.run(ThreadPoolExecutor.java:614)
	at java.base/java.lang.Thread.run(Thread.java:1474)
[12:51:11] [Render thread/INFO]: [STDOUT]: [Alloy] Transformed: LogoRenderer — renderLogo no-oped
[12:51:11] [Render thread/INFO]: Reloading ResourceManager: vanilla
[12:51:11] [Worker-Main-5/INFO]: Found unifont_pua-17.0.01.hex, loading
[12:51:11] [Worker-Main-2/INFO]: Found unifont_all_no_pua-17.0.01.hex, loading
[12:51:11] [Worker-Main-6/INFO]: Found unifont_jp_patch-17.0.01.hex, loading
[12:51:12] [Render thread/INFO]: Info log when linking program containing VS minecraft:core/rendertype_text_intensity_see_through and FS minecraft:core/rendertype_text_intensity_see_through. Log output: WARNING: Could not find vertex shader attribute 'UV2' to match BindAttributeLocation request.

[12:51:12] [Render thread/INFO]: Info log when linking program containing VS minecraft:core/terrain and FS minecraft:core/terrain. Log output: WARNING: Could not find vertex shader attribute 'Normal' to match BindAttributeLocation request.

[12:51:12] [Render thread/INFO]: Info log when linking program containing VS minecraft:core/rendertype_text_background_see_through and FS minecraft:core/rendertype_text_background_see_through. Log output: WARNING: Could not find vertex shader attribute 'UV2' to match BindAttributeLocation request.

[12:51:12] [Render thread/INFO]: Info log when linking program containing VS minecraft:core/rendertype_beacon_beam and FS minecraft:core/rendertype_beacon_beam. Log output: WARNING: Could not find vertex shader attribute 'Normal' to match BindAttributeLocation request.
WARNING: Could not find vertex shader attribute 'UV2' to match BindAttributeLocation request.

[12:51:12] [Render thread/INFO]: Info log when linking program containing VS minecraft:core/entity and FS minecraft:core/entity. Log output: WARNING: Output of vertex shader 'overlayColor' not read by fragment shader

[12:51:12] [Render thread/INFO]: Info log when linking program containing VS minecraft:core/rendertype_item_entity_translucent_cull and FS minecraft:core/rendertype_item_entity_translucent_cull. Log output: WARNING: Output of vertex shader 'texCoord1' not read by fragment shader
WARNING: Output of vertex shader 'texCoord2' not read by fragment shader

[12:51:12] [Render thread/INFO]: Info log when linking program containing VS minecraft:core/terrain and FS minecraft:core/terrain. Log output: WARNING: Could not find vertex shader attribute 'Normal' to match BindAttributeLocation request.

[12:51:12] [Render thread/INFO]: Info log when linking program containing VS minecraft:core/rendertype_entity_shadow and FS minecraft:core/rendertype_entity_shadow. Log output: WARNING: Could not find vertex shader attribute 'UV1' to match BindAttributeLocation request.
WARNING: Could not find vertex shader attribute 'Normal' to match BindAttributeLocation request.
WARNING: Could not find vertex shader attribute 'UV2' to match BindAttributeLocation request.

[12:51:12] [Render thread/INFO]: Info log when linking program containing VS minecraft:core/terrain and FS minecraft:core/terrain. Log output: WARNING: Could not find vertex shader attribute 'Normal' to match BindAttributeLocation request.

[12:51:12] [Render thread/INFO]: Info log when linking program containing VS minecraft:core/entity and FS minecraft:core/entity. Log output: WARNING: Could not find vertex shader attribute 'Normal' to match BindAttributeLocation request.
WARNING: Output of vertex shader 'overlayColor' not read by fragment shader

[12:51:12] [Render thread/INFO]: Info log when linking program containing VS minecraft:core/entity and FS minecraft:core/entity. Log output: WARNING: Output of vertex shader 'overlayColor' not read by fragment shader

[12:51:12] [Render thread/INFO]: Info log when linking program containing VS minecraft:core/block and FS minecraft:core/block. Log output: WARNING: Could not find vertex shader attribute 'Normal' to match BindAttributeLocation request.

[12:51:12] [Render thread/INFO]: Info log when linking program containing VS minecraft:core/entity and FS minecraft:core/entity. Log output: WARNING: Could not find vertex shader attribute 'Normal' to match BindAttributeLocation request.
WARNING: Could not find vertex shader attribute 'UV2' to match BindAttributeLocation request.
WARNING: Output of vertex shader 'overlayColor' not read by fragment shader

[12:51:12] [Render thread/INFO]: Info log when linking program containing VS minecraft:core/entity and FS minecraft:core/entity. Log output: WARNING: Could not find vertex shader attribute 'UV2' to match BindAttributeLocation request.

[12:51:12] [Render thread/INFO]: Info log when linking program containing VS minecraft:core/entity and FS minecraft:core/entity. Log output: WARNING: Output of vertex shader 'overlayColor' not read by fragment shader

[12:51:12] [Render thread/INFO]: Info log when linking program containing VS minecraft:core/rendertype_translucent_moving_block and FS minecraft:core/rendertype_translucent_moving_block. Log output: WARNING: Could not find vertex shader attribute 'Normal' to match BindAttributeLocation request.

[12:51:12] [Render thread/INFO]: Info log when linking program containing VS minecraft:core/terrain and FS minecraft:core/terrain. Log output: WARNING: Could not find vertex shader attribute 'Normal' to match BindAttributeLocation request.

[12:51:12] [Render thread/INFO]: Info log when linking program containing VS minecraft:core/entity and FS minecraft:core/entity. Log output: WARNING: Could not find vertex shader attribute 'Normal' to match BindAttributeLocation request.
WARNING: Could not find vertex shader attribute 'UV2' to match BindAttributeLocation request.
WARNING: Output of vertex shader 'overlayColor' not read by fragment shader

[12:51:12] [Render thread/INFO]: Info log when linking program containing VS minecraft:core/animate_sprite and FS minecraft:core/animate_sprite_blit. Log output: WARNING: Output of vertex shader 'fAnimationProgress' not read by fragment shader

[12:51:12] [Render thread/INFO]: Info log when linking program containing VS minecraft:core/entity and FS minecraft:core/entity. Log output: WARNING: Output of vertex shader 'overlayColor' not read by fragment shader

[12:51:12] [Render thread/INFO]: Info log when linking program containing VS minecraft:core/terrain and FS minecraft:core/terrain. Log output: WARNING: Could not find vertex shader attribute 'Normal' to match BindAttributeLocation request.

[12:51:12] [Render thread/INFO]: Info log when linking program containing VS minecraft:core/rendertype_text_see_through and FS minecraft:core/rendertype_text_see_through. Log output: WARNING: Could not find vertex shader attribute 'UV2' to match BindAttributeLocation request.

[12:51:12] [Render thread/INFO]: Info log when linking program containing VS minecraft:core/block and FS minecraft:core/block. Log output: WARNING: Could not find vertex shader attribute 'Normal' to match BindAttributeLocation request.

[12:51:12] [Render thread/INFO]: Info log when linking program containing VS minecraft:core/rendertype_entity_alpha and FS minecraft:core/rendertype_entity_alpha. Log output: WARNING: Could not find vertex shader attribute 'Normal' to match BindAttributeLocation request.
WARNING: Output of vertex shader 'texCoord1' not read by fragment shader
WARNING: Output of vertex shader 'texCoord2' not read by fragment shader

[12:51:12] [Render thread/INFO]: Info log when linking program containing VS minecraft:core/rendertype_beacon_beam and FS minecraft:core/rendertype_beacon_beam. Log output: WARNING: Could not find vertex shader attribute 'Normal' to match BindAttributeLocation request.
WARNING: Could not find vertex shader attribute 'UV2' to match BindAttributeLocation request.

[12:51:12] [Render thread/INFO]: Info log when linking program containing VS minecraft:core/rendertype_crumbling and FS minecraft:core/rendertype_crumbling. Log output: WARNING: Could not find vertex shader attribute 'Normal' to match BindAttributeLocation request.
WARNING: Output of vertex shader 'texCoord2' not read by fragment shader

[12:51:12] [Render thread/INFO]: Info log when linking program containing VS minecraft:core/block and FS minecraft:core/block. Log output: WARNING: Could not find vertex shader attribute 'Normal' to match BindAttributeLocation request.

[12:51:12] [Render thread/INFO]: OpenAL initialized on device MacBook Pro Speakers
[12:51:12] [Render thread/INFO]: Sound engine started
[12:51:12] [Render thread/INFO]: Created: 512x256x0 minecraft:textures/atlas/particles.png-atlas
[12:51:12] [Render thread/INFO]: Created: 128x128x0 minecraft:textures/atlas/decorated_pot.png-atlas
[12:51:12] [Render thread/INFO]: Created: 2048x1024x0 minecraft:textures/atlas/armor_trims.png-atlas
[12:51:12] [Render thread/INFO]: Created: 512x256x0 minecraft:textures/atlas/paintings.png-atlas
[12:51:12] [Render thread/INFO]: Created: 1024x512x0 minecraft:textures/atlas/shield_patterns.png-atlas
[12:51:12] [Render thread/INFO]: Created: 1024x512x0 minecraft:textures/atlas/blocks.png-atlas
[12:51:12] [Render thread/INFO]: Created: 512x512x0 minecraft:textures/atlas/chest.png-atlas
[12:51:12] [Render thread/INFO]: Created: 256x128x0 minecraft:textures/atlas/celestials.png-atlas
[12:51:12] [Render thread/INFO]: Created: 1024x512x0 minecraft:textures/atlas/banner_patterns.png-atlas
[12:51:12] [Render thread/INFO]: Created: 512x512x0 minecraft:textures/atlas/beds.png-atlas
[12:51:12] [Render thread/INFO]: Created: 1024x512x0 minecraft:textures/atlas/items.png-atlas
[12:51:12] [Render thread/INFO]: Created: 1024x1024x0 minecraft:textures/atlas/gui.png-atlas
[12:51:12] [Render thread/INFO]: Created: 128x64x0 minecraft:textures/atlas/map_decorations.png-atlas
[12:51:12] [Render thread/INFO]: Created: 512x256x0 minecraft:textures/atlas/signs.png-atlas
[12:51:12] [Render thread/INFO]: Created: 512x512x0 minecraft:textures/atlas/shulker_boxes.png-atlas
[12:51:12] [Render thread/INFO]: [STDOUT]: [Alloy] Transformed: SplashRenderer — render no-oped
[12:51:12] [Render thread/INFO]: [STDOUT]: [Alloy] Replaced Realms button with AlloyMC link
[12:51:12] [Render thread/INFO]: [STDOUT]: [Alloy] Replaced Realms button with AlloyMC link
[12:51:12] [IO-Worker-1/INFO]: Could not authorize you against Realms server: java.lang.RuntimeException: Failed to parse into SignedJWT: alloy_dev
[12:51:12] [IO-Worker-1/ERROR]: Couldn't connect to realms
gce: Realms authentication error with message 'java.lang.RuntimeException: Failed to parse into SignedJWT: alloy_dev'
	at fzz.a(SourceFile:526)
	at fzz.i(SourceFile:307)
	at fzt.c(SourceFile:48)
	at java.base/java.util.concurrent.CompletableFuture$AsyncSupply.run(CompletableFuture.java:1789)
	at java.base/java.util.concurrent.ThreadPoolExecutor.runWorker(ThreadPoolExecutor.java:1090)
	at java.base/java.util.concurrent.ThreadPoolExecutor$Worker.run(ThreadPoolExecutor.java:614)
	at java.base/java.lang.Thread.run(Thread.java:1474)
[12:51:13] [Render thread/INFO]: [STDOUT]: [Alloy] Button reflection init: fill=public void gir.a(int,int,int,int,int), fillGradient=public void gir.a(int,int,int,int,int,int)
[12:51:33] [Render thread/INFO]: Connecting to 127.0.0.1, 25565
[12:51:33] [Server Connector #1/ERROR]: Couldn't connect to server
io.netty.channel.AbstractChannel$AnnotatedConnectException: finishConnect(..) failed with error(-61): Connection refused: localhost/127.0.0.1:25565
	Suppressed: java.util.concurrent.CompletionException: Rethrowing promise failure cause
		at io.netty.util.concurrent.DefaultPromise.rethrowIfFailed(DefaultPromise.java:686)
		at io.netty.util.concurrent.DefaultPromise.syncUninterruptibly(DefaultPromise.java:427)
		at io.netty.channel.DefaultChannelPromise.syncUninterruptibly(DefaultChannelPromise.java:125)
		at io.netty.channel.DefaultChannelPromise.syncUninterruptibly(DefaultChannelPromise.java:30)
		at grb$1.run(SourceFile:115)
Caused by: java.net.ConnectException: finishConnect(..) failed with error(-61): Connection refused
	at io.netty.channel.unix.Errors.newConnectException0(Errors.java:166)
	at io.netty.channel.unix.Errors.handleConnectErrno(Errors.java:131)
	at io.netty.channel.unix.Socket.finishConnect(Socket.java:361)
	at io.netty.channel.kqueue.AbstractKQueueChannel$AbstractKQueueUnsafe.doFinishConnect(AbstractKQueueChannel.java:679)
	at io.netty.channel.kqueue.AbstractKQueueChannel$AbstractKQueueUnsafe.finishConnect(AbstractKQueueChannel.java:659)
	at io.netty.channel.kqueue.AbstractKQueueChannel$AbstractKQueueUnsafe.shutdownInput(AbstractKQueueChannel.java:468)
	at io.netty.channel.kqueue.AbstractKQueueChannel$AbstractKQueueUnsafe.readEOF(AbstractKQueueChannel.java:510)
	at io.netty.channel.kqueue.AbstractKQueueChannel$AbstractKQueueUnsafe.handle(AbstractKQueueChannel.java:408)
	at io.netty.channel.kqueue.KQueueIoHandler$DefaultKqueueIoRegistration.handle(KQueueIoHandler.java:472)
	at io.netty.channel.kqueue.KQueueIoHandler.processReady(KQueueIoHandler.java:214)
	at io.netty.channel.kqueue.KQueueIoHandler.run(KQueueIoHandler.java:276)
	at io.netty.channel.SingleThreadIoEventLoop.runIo(SingleThreadIoEventLoop.java:225)
	at io.netty.channel.SingleThreadIoEventLoop.run(SingleThreadIoEventLoop.java:196)
	at io.netty.util.concurrent.SingleThreadEventExecutor$5.run(SingleThreadEventExecutor.java:1193)
	at io.netty.util.internal.ThreadExecutorMap$2.run(ThreadExecutorMap.java:74)
	at java.base/java.lang.Thread.run(Thread.java:1474)
[12:51:33] [Download-2/ERROR]: Failed to retrieve profile key pair
com.mojang.authlib.exceptions.MinecraftClientHttpException: Status: 401
	at com.mojang.authlib.minecraft.client.MinecraftClient.readInputStream(MinecraftClient.java:103)
	at com.mojang.authlib.minecraft.client.MinecraftClient.post(MinecraftClient.java:64)
	at com.mojang.authlib.yggdrasil.YggdrasilUserApiService.getKeyPair(YggdrasilUserApiService.java:61)
	at hhv.a(SourceFile:128)
	at hhv.b(SourceFile:77)
	at java.base/java.util.concurrent.CompletableFuture$AsyncSupply.run(CompletableFuture.java:1789)
	at java.base/java.util.concurrent.ThreadPoolExecutor.runWorker(ThreadPoolExecutor.java:1090)
	at java.base/java.util.concurrent.ThreadPoolExecutor$Worker.run(ThreadPoolExecutor.java:614)
	at java.base/java.lang.Thread.run(Thread.java:1474)
[12:52:27] [Render thread/INFO]: Connecting to 127.0.0.1, 25565
[12:52:27] [Server Connector #2/ERROR]: Couldn't connect to server
io.netty.channel.AbstractChannel$AnnotatedConnectException: finishConnect(..) failed with error(-61): Connection refused: localhost/127.0.0.1:25565
	Suppressed: java.util.concurrent.CompletionException: Rethrowing promise failure cause
		at io.netty.util.concurrent.DefaultPromise.rethrowIfFailed(DefaultPromise.java:686)
		at io.netty.util.concurrent.DefaultPromise.syncUninterruptibly(DefaultPromise.java:427)
		at io.netty.channel.DefaultChannelPromise.syncUninterruptibly(DefaultChannelPromise.java:125)
		at io.netty.channel.DefaultChannelPromise.syncUninterruptibly(DefaultChannelPromise.java:30)
		at grb$1.run(SourceFile:115)
Caused by: java.net.ConnectException: finishConnect(..) failed with error(-61): Connection refused
	at io.netty.channel.unix.Errors.newConnectException0(Errors.java:166)
	at io.netty.channel.unix.Errors.handleConnectErrno(Errors.java:131)
	at io.netty.channel.unix.Socket.finishConnect(Socket.java:361)
	at io.netty.channel.kqueue.AbstractKQueueChannel$AbstractKQueueUnsafe.doFinishConnect(AbstractKQueueChannel.java:679)
	at io.netty.channel.kqueue.AbstractKQueueChannel$AbstractKQueueUnsafe.finishConnect(AbstractKQueueChannel.java:659)
	at io.netty.channel.kqueue.AbstractKQueueChannel$AbstractKQueueUnsafe.shutdownInput(AbstractKQueueChannel.java:468)
	at io.netty.channel.kqueue.AbstractKQueueChannel$AbstractKQueueUnsafe.readEOF(AbstractKQueueChannel.java:510)
	at io.netty.channel.kqueue.AbstractKQueueChannel$AbstractKQueueUnsafe.handle(AbstractKQueueChannel.java:408)
	at io.netty.channel.kqueue.KQueueIoHandler$DefaultKqueueIoRegistration.handle(KQueueIoHandler.java:472)
	at io.netty.channel.kqueue.KQueueIoHandler.processReady(KQueueIoHandler.java:214)
	at io.netty.channel.kqueue.KQueueIoHandler.run(KQueueIoHandler.java:276)
	at io.netty.channel.SingleThreadIoEventLoop.runIo(SingleThreadIoEventLoop.java:225)
	at io.netty.channel.SingleThreadIoEventLoop.run(SingleThreadIoEventLoop.java:196)
	at io.netty.util.concurrent.SingleThreadEventExecutor$5.run(SingleThreadEventExecutor.java:1193)
	at io.netty.util.internal.ThreadExecutorMap$2.run(ThreadExecutorMap.java:74)
	at java.base/java.lang.Thread.run(Thread.java:1474)
[12:52:28] [Download-2/ERROR]: Failed to retrieve profile key pair
com.mojang.authlib.exceptions.MinecraftClientHttpException: Status: 401
	at com.mojang.authlib.minecraft.client.MinecraftClient.readInputStream(MinecraftClient.java:103)
	at com.mojang.authlib.minecraft.client.MinecraftClient.post(MinecraftClient.java:64)
	at com.mojang.authlib.yggdrasil.YggdrasilUserApiService.getKeyPair(YggdrasilUserApiService.java:61)
	at hhv.a(SourceFile:128)
	at hhv.b(SourceFile:77)
	at java.base/java.util.concurrent.CompletableFuture$AsyncSupply.run(CompletableFuture.java:1789)
	at java.base/java.util.concurrent.ThreadPoolExecutor.runWorker(ThreadPoolExecutor.java:1090)
	at java.base/java.util.concurrent.ThreadPoolExecutor$Worker.run(ThreadPoolExecutor.java:614)
	at java.base/java.lang.Thread.run(Thread.java:1474)
[12:53:18] [Render thread/INFO]: [STDOUT]: [Alloy] Replaced Realms button with AlloyMC link
[12:53:19] [Render thread/INFO]: [STDOUT]: [Alloy] Slider reflection init: value=true, getMessage=true, font=true
[12:53:20] [Render thread/INFO]: [STDOUT]: [Alloy] Replaced Realms button with AlloyMC link
[12:53:26] [Render thread/INFO]: [STDOUT]: [Alloy] Replaced Realms button with AlloyMC link
[12:53:28] [Render thread/INFO]: [STDOUT]: [Alloy] Replaced Realms button with AlloyMC link
[12:53:33] [Render thread/INFO]: [STDOUT]: [Alloy] Replaced Realms button with AlloyMC link
[12:53:42] [Render thread/INFO]: [STDOUT]: [Alloy] Replaced Realms button with AlloyMC link
[12:58:39] [Render thread/INFO]: Connecting to 127.0.0.1, 25565
[12:58:39] [Download-4/ERROR]: Failed to retrieve profile key pair
com.mojang.authlib.exceptions.MinecraftClientHttpException: Status: 401
	at com.mojang.authlib.minecraft.client.MinecraftClient.readInputStream(MinecraftClient.java:103)
	at com.mojang.authlib.minecraft.client.MinecraftClient.post(MinecraftClient.java:64)
	at com.mojang.authlib.yggdrasil.YggdrasilUserApiService.getKeyPair(YggdrasilUserApiService.java:61)
	at hhv.a(SourceFile:128)
	at hhv.b(SourceFile:77)
	at java.base/java.util.concurrent.CompletableFuture$AsyncSupply.run(CompletableFuture.java:1789)
	at java.base/java.util.concurrent.ThreadPoolExecutor.runWorker(ThreadPoolExecutor.java:1090)
	at java.base/java.util.concurrent.ThreadPoolExecutor$Worker.run(ThreadPoolExecutor.java:614)
	at java.base/java.lang.Thread.run(Thread.java:1474)
[12:58:41] [Render thread/INFO]: [STDOUT]: [Alloy] Replaced Realms button with AlloyMC link
[12:58:41] [Render thread/INFO]: Stopping!
